EN binary_cnt NULL /home/lab661/Documents/xgalga00/Digital-electronics-1/labs/05-counter_binary/binary_counter/binary_cnt.vhd sub00/vhpl02 1583330121
EN hex_to_7seg NULL /home/lab661/Documents/xgalga00/Digital-electronics-1/labs/03-segment/hex_to_7seg/hex_to_7seg.vhd sub00/vhpl05 1583330123
AR binary_cnt behavioral /home/lab661/Documents/xgalga00/Digital-electronics-1/labs/05-counter_binary/binary_counter/binary_cnt.vhd sub00/vhpl03 1583330122
EN top NULL /home/lab661/Documents/xgalga00/Digital-electronics-1/labs/05-counter_binary/binary_counter/top.vhd sub00/vhpl04 1583330125
AR clock_enable behavioral /home/lab661/Documents/xgalga00/Digital-electronics-1/labs/05-counter_binary/binary_counter/clock_enable.vhd sub00/vhpl01 1583330120
AR hex_to_7seg behavioral /home/lab661/Documents/xgalga00/Digital-electronics-1/labs/03-segment/hex_to_7seg/hex_to_7seg.vhd sub00/vhpl06 1583330124
EN clock_enable NULL /home/lab661/Documents/xgalga00/Digital-electronics-1/labs/05-counter_binary/binary_counter/clock_enable.vhd sub00/vhpl00 1583330119
AR top behavioral /home/lab661/Documents/xgalga00/Digital-electronics-1/labs/05-counter_binary/binary_counter/top.vhd sub00/vhpl07 1583330126
